---
source: crates/reporters/tests/snapshots.rs
expression: encoded
---
<?xml version="1.0" encoding="UTF-8"?>
<testsuite name="owlwarden:fixtures/vulnerable/next-api" tests="21" failures="21" errors="0" skipped="0" time="0.120">
  <testcase classname="sql-injection" name="app/api/login/route.ts:16:5" time="0">
    <failure type="sql-injection" message="[high] SQL query built by string interpolation (likely)">A value taken from the request is interpolated into SQL, so the caller controls part of the statement. That is enough to read other users&apos; rows, bypass a WHERE clause, or drop a table.
OWASP: A03:2021
CWE-89
Fix: Use a parameterised query, or Prisma&apos;s tagged $queryRaw which binds automatically.</failure>
  </testcase>
  <testcase classname="ssrf" name="app/api/proxy/route.ts:19:28" time="0">
    <failure type="ssrf" message="[high] Server fetches a URL the caller controls (likely)">The destination of this request comes from the caller, so they choose which host the server connects to. That includes hosts they cannot reach themselves: the cloud metadata endpoint that hands out IAM credentials, internal services that skip authentication because they are &apos;not exposed&apos;, and anything bound to localhost.
OWASP: A10:2021
CWE-918
Fix: Validate the URL in the route handler before fetching, and disable redirect following.</failure>
  </testcase>
  <testcase classname="ssrf" name="app/api/proxy/route.ts:25:28" time="0">
    <failure type="ssrf" message="[high] Server fetches a URL the caller controls (likely)">The destination of this request comes from the caller, so they choose which host the server connects to. That includes hosts they cannot reach themselves: the cloud metadata endpoint that hands out IAM credentials, internal services that skip authentication because they are &apos;not exposed&apos;, and anything bound to localhost.
OWASP: A10:2021
CWE-918
Fix: Validate the URL in the route handler before fetching, and disable redirect following.</failure>
  </testcase>
  <testcase classname="ssrf" name="app/api/proxy/route.ts:32:28" time="0">
    <failure type="ssrf" message="[high] Server fetches a URL the caller controls (likely)">The destination of this request comes from the caller, so they choose which host the server connects to. That includes hosts they cannot reach themselves: the cloud metadata endpoint that hands out IAM credentials, internal services that skip authentication because they are &apos;not exposed&apos;, and anything bound to localhost.
OWASP: A10:2021
CWE-918
Fix: Validate the URL in the route handler before fetching, and disable redirect following.</failure>
  </testcase>
  <testcase classname="ssrf" name="app/api/proxy/route.ts:40:7" time="0">
    <failure type="ssrf" message="[high] Server fetches a URL the caller controls (likely)">The destination of this request comes from the caller, so they choose which host the server connects to. That includes hosts they cannot reach themselves: the cloud metadata endpoint that hands out IAM credentials, internal services that skip authentication because they are &apos;not exposed&apos;, and anything bound to localhost.
OWASP: A10:2021
CWE-918
Fix: Validate the URL in the route handler before fetching, and disable redirect following.</failure>
  </testcase>
  <testcase classname="stack-trace-leak" name="app/api/users/route.ts:20:16" time="0">
    <failure type="stack-trace-leak" message="[high] Stack trace leaked in error response (likely)">Stack traces expose absolute file paths, dependency versions, and internal call structure — enough to fingerprint the stack and locate other weaknesses.
OWASP: A05:2021
CWE-209
Fix: Return a generic message; log the error server-side.</failure>
  </testcase>
  <testcase classname="open-redirect" name="app/api/proxy/route.ts:50:5" time="0">
    <failure type="open-redirect" message="[medium] Redirect target comes from the caller (likely)">The whole redirect target comes from the request, so a link to this endpoint can send a visitor anywhere. The URL they click genuinely belongs to you, which is what makes the page they land on convincing — and on an OAuth callback the authorisation code goes with them.
OWASP: A01:2021
CWE-601
Fix: Validate before calling redirect(); request.nextUrl.origin is the base.</failure>
  </testcase>
  <testcase classname="open-redirect" name="app/api/proxy/route.ts:56:5" time="0">
    <failure type="open-redirect" message="[medium] Redirect target comes from the caller (likely)">The whole redirect target comes from the request, so a link to this endpoint can send a visitor anywhere. The URL they click genuinely belongs to you, which is what makes the page they land on convincing — and on an OAuth callback the authorisation code goes with them.
OWASP: A01:2021
CWE-601
Fix: Validate before calling redirect(); request.nextUrl.origin is the base.</failure>
  </testcase>
  <testcase classname="open-redirect" name="app/api/proxy/route.ts:62:5" time="0">
    <failure type="open-redirect" message="[medium] Redirect target comes from the caller (likely)">The whole redirect target comes from the request, so a link to this endpoint can send a visitor anywhere. The URL they click genuinely belongs to you, which is what makes the page they land on convincing — and on an OAuth callback the authorisation code goes with them.
OWASP: A01:2021
CWE-601
Fix: Validate before calling redirect(); request.nextUrl.origin is the base.</failure>
  </testcase>
  <testcase classname="sensitive-data-logged" name="app/api/users/route.ts:11:18" time="0">
    <failure type="sensitive-data-logged" message="[medium] Sensitive data written to a log (likely)">Logs are copied into aggregators, retained for months, and readable by anyone with access to the logging system. A credential that reaches a log has left the application&apos;s trust boundary.
OWASP: A09:2021
CWE-532
Fix: Log that the attempt happened, not the credential.</failure>
  </testcase>
  <testcase classname="sensitive-data-logged" name="app/api/users/route.ts:14:18" time="0">
    <failure type="sensitive-data-logged" message="[medium] Sensitive data written to a log (likely)">Logs are copied into aggregators, retained for months, and readable by anyone with access to the logging system. A credential that reaches a log has left the application&apos;s trust boundary.
OWASP: A09:2021
CWE-532
Fix: Log that the attempt happened, not the credential.</failure>
  </testcase>
  <testcase classname="insecure-cookie" name="app/api/login/route.ts:20:3" time="0">
    <failure type="insecure-cookie" message="[medium] Cookie set without its protective attributes (possible)">This cookie is missing protections: httpOnly keeps the cookie out of reach of JavaScript, so a cross-site scripting bug cannot read the session; secure stops the cookie being sent over plain HTTP; sameSite stops the browser attaching the cookie to cross-site requests.
OWASP: A05:2021
CWE-614
Fix: Pass the attributes to the cookie store.</failure>
  </testcase>
  <testcase classname="ci-unpinned-action" name=".github/workflows/ci.yml:8:1" time="0">
    <failure type="ci-unpinned-action" message="[medium] GitHub Action is not pinned to a commit SHA (likely)">A moving tag can be retargeted to a different commit. Anyone who can push that tag — or who compromises the action&apos;s repository — runs code in your CI with access to repository secrets.
OWASP: A08:2021
CWE-829
Fix: Pin the action to a full commit SHA (keep the tag in a comment for humans).</failure>
  </testcase>
  <testcase classname="install-lifecycle-script" name="package.json:7:5" time="0">
    <failure type="install-lifecycle-script" message="[medium] Package declares an install-time script (likely)">`postinstall` runs for everyone who installs this package, before any code is reviewed and often inside CI with credentials in the environment. This is the mechanism a compromised package uses to spread.
OWASP: A08:2021
CWE-829
Fix: Move the work into an explicit script the developer runs (`pnpm setup`), or into the build step. If it genuinely has to run at install time — a native addon — say so in the README and keep the script to the build tool, with no network fetch and no run-time package resolve.</failure>
  </testcase>
  <testcase classname="unpinned-dependency" name="package.json:14:1" time="0">
    <failure type="unpinned-dependency" message="[medium] Dependency version is unpinned (likely)">An unpinned range lets the next install resolve a different major version, including one with a known vulnerability or a breaking API change, without anyone reviewing the bump.
OWASP: A06:2021
CWE-1104
Fix: Pin the dependency in package.json and reinstall so the lockfile records it.</failure>
  </testcase>
  <testcase classname="security-headers-missing" name="package.json:1:1" time="0">
    <failure type="security-headers-missing" message="[medium] Security headers are not configured (possible)">Without these headers the browser enforces nothing: strict-transport-security forces HTTPS for future requests; content-security-policy limits which scripts and origins the page may load; x-content-type-options stops browsers guessing a response&apos;s content type; x-frame-options blocks clickjacking via framing; referrer-policy stops URLs leaking to third parties.
OWASP: A05:2021
CWE-693
Fix: Add a headers() block to next.config.js.</failure>
  </testcase>
  <testcase classname="hardcoded-secret" name="app/lib/billing.ts:3:20" time="0">
    <failure type="hardcoded-secret" message="[high] Credential hardcoded in source (likely)">This literal carries the prefix of a Stripe live secret key, so it is a real credential rather than a placeholder. It is in the repository&apos;s history and in every clone; deleting the line does not revoke it.
OWASP: A07:2021
CWE-798
Fix: Read it from the environment on the server. A NEXT_PUBLIC_ prefix ships the value to the browser, so never use one for a secret.</failure>
  </testcase>
  <testcase classname="weak-crypto" name="app/lib/crypto.ts:8:35" time="0">
    <failure type="weak-crypto" message="[high] Broken cryptographic primitive protecting a secret (likely)">This hash is fast, and speed is the attacker&apos;s advantage: a commodity GPU tries billions of candidates a second, so a leaked table of these hashes is a leaked table of the values behind them. Password hashing needs a deliberately slow algorithm with a per-value salt.
OWASP: A02:2021
CWE-327
Fix: Replace the broken digest algorithm with sha256 (or prefer scrypt/argon2 for passwords).</failure>
  </testcase>
  <testcase classname="weak-crypto" name="app/lib/crypto.ts:14:24" time="0">
    <failure type="weak-crypto" message="[high] Broken cryptographic primitive protecting a secret (likely)">Math.random() is a fast PRNG, not a cryptographic one; V8 documents it as unsuitable for security. An attacker who sees a few outputs can predict the rest, which for a session id or a reset token means minting valid ones.
OWASP: A02:2021
CWE-327
Fix: Use Web Crypto (or node:crypto) instead of Math.random() for tokens.</failure>
  </testcase>
  <testcase classname="weak-crypto" name="app/lib/crypto.ts:20:18" time="0">
    <failure type="weak-crypto" message="[high] Broken cryptographic primitive protecting a secret (likely)">This cipher or mode is broken independently of the key. DES has a keyspace small enough to search, RC4 has biased output, and ECB encrypts identical plaintext blocks to identical ciphertext blocks — the structure of the data survives encryption.
OWASP: A02:2021
CWE-327
Fix: Use node:crypto in the route handler. Note that the edge runtime has no node:crypto — use globalThis.crypto.randomUUID() and Web Crypto there, or pin the route to nodejs.</failure>
  </testcase>
  <testcase classname="cors-permissive" name="app/lib/cors.ts:7:3" time="0">
    <failure type="cors-permissive" message="[medium] Cross-origin policy accepts any origin (likely)">Any origin may call this API and read the response. That is a deliberate choice for a public endpoint and a mistake for anything behind a session — nothing in the source says which this is, so it is reported for you to decide.
OWASP: A05:2021
CWE-942
Fix: Return an explicit origin from the route or middleware, not &apos;*&apos;.</failure>
  </testcase>
</testsuite>
